"V0","VB","VF"
5,1,7
56,53,58
37,34,45
23,21,25
18,17,20
